This is test file 